// Jest Snapshot v1, https://goo.gl/fbAQLP

exports[`App Component should render correctly in "debug" mode 1`] = `
<BrowserRouter>
  <Route
    render={[Function]}
  />
</BrowserRouter>
`;

exports[`App Component should render correctly with no props 1`] = `
<BrowserRouter>
  <Route
    render={[Function]}
  />
</BrowserRouter>
`;

exports[`App Componentcl should render correctly in "debug" mode 1`] = `
<BrowserRouter>
  <Route
    render={[Function]}
  />
</BrowserRouter>
`;

exports[`App Componentcl should render correctly with no props 1`] = `
<BrowserRouter>
  <Route
    render={[Function]}
  />
</BrowserRouter>
`;

exports[`My App should render   correctly with given items 1`] = `
<div
  className="jumobtron board"
>
  <div
    className="row justify-content-center"
  >
    <Card
      deleteItem={[Function]}
      description="React native todolist implementation"
      id={4}
      img="https://raw.githubusercontent.com/lucasbento/react-native-actions/master/common/media/logo.png"
      isCartMode={true}
      key="4"
      title="React-Native-ToDoList"
      url="https://github.com/stasrdv/React-Native-ToDoList"
    />
    <Card
      deleteItem={[Function]}
      description="WebSockets simple chat example (Socket.io ,ExpressJs,VanillaJS)"
      id={1}
      img="https://cdn-images-1.medium.com/max/800/0*xAADmPJN52Yy6XJV.jpg"
      isCartMode={true}
      key="1"
      title="WebSockets-MultiChat"
      url="https://github.com/stasrdv/WebSockets-MultiChat-Example"
    />
  </div>
</div>
`;

exports[`My App should render correctly in "debug" mode 1`] = `
<BrowserRouter>
  <Route
    render={[Function]}
  />
</BrowserRouter>
`;

exports[`My App should render correctly with no props 1`] = `
<BrowserRouter>
  <Route
    render={[Function]}
  />
</BrowserRouter>
`;
